c:\users\hapav\downloads\proyecto1estru2-main (2)\proyecto1estru2-main\proyecto1estru2-main\proyecto1estru2-main\proyecto1estru2cdo\x64\debug\vc143.pdb
c:\users\hapav\downloads\proyecto1estru2-main (2)\proyecto1estru2-main\proyecto1estru2-main\proyecto1estru2-main\proyecto1estru2cdo\x64\debug\.netframework,version=v4.7.2.assemblyattributes.obj
c:\users\hapav\downloads\proyecto1estru2-main (2)\proyecto1estru2-main\proyecto1estru2-main\proyecto1estru2-main\proyecto1estru2cdo\x64\debug\usuarios.obj
c:\users\hapav\downloads\proyecto1estru2-main (2)\proyecto1estru2-main\proyecto1estru2-main\proyecto1estru2-main\proyecto1estru2cdo\x64\debug\nodo.obj
c:\users\hapav\downloads\proyecto1estru2-main (2)\proyecto1estru2-main\proyecto1estru2-main\proyecto1estru2-main\proyecto1estru2cdo\x64\debug\myform.obj
c:\users\hapav\downloads\proyecto1estru2-main (2)\proyecto1estru2-main\proyecto1estru2-main\proyecto1estru2-main\proyecto1estru2cdo\x64\debug\main.obj
c:\users\hapav\downloads\proyecto1estru2-main (2)\proyecto1estru2-main\proyecto1estru2-main\proyecto1estru2-main\proyecto1estru2cdo\x64\debug\listausuarios.obj
c:\users\hapav\downloads\proyecto1estru2-main (2)\proyecto1estru2-main\proyecto1estru2-main\proyecto1estru2-main\proyecto1estru2cdo\x64\debug\artistas.obj
c:\users\hapav\downloads\proyecto1estru2-main (2)\proyecto1estru2-main\proyecto1estru2-main\proyecto1estru2-main\x64\debug\proyecto1estru2cdo.exe
c:\users\hapav\downloads\proyecto1estru2-main (2)\proyecto1estru2-main\proyecto1estru2-main\proyecto1estru2-main\x64\debug\proyecto1estru2cdo.pdb
c:\users\hapav\downloads\proyecto1estru2-main (2)\proyecto1estru2-main\proyecto1estru2-main\proyecto1estru2-main\proyecto1estru2cdo\x64\debug\proyecto.3000de8a.tlog\cl.command.1.tlog
c:\users\hapav\downloads\proyecto1estru2-main (2)\proyecto1estru2-main\proyecto1estru2-main\proyecto1estru2-main\proyecto1estru2cdo\x64\debug\proyecto.3000de8a.tlog\cl.items.tlog
c:\users\hapav\downloads\proyecto1estru2-main (2)\proyecto1estru2-main\proyecto1estru2-main\proyecto1estru2-main\proyecto1estru2cdo\x64\debug\proyecto.3000de8a.tlog\cl.read.1.tlog
c:\users\hapav\downloads\proyecto1estru2-main (2)\proyecto1estru2-main\proyecto1estru2-main\proyecto1estru2-main\proyecto1estru2cdo\x64\debug\proyecto.3000de8a.tlog\cl.write.1.tlog
c:\users\hapav\downloads\proyecto1estru2-main (2)\proyecto1estru2-main\proyecto1estru2-main\proyecto1estru2-main\proyecto1estru2cdo\x64\debug\proyecto.3000de8a.tlog\link.command.1.tlog
c:\users\hapav\downloads\proyecto1estru2-main (2)\proyecto1estru2-main\proyecto1estru2-main\proyecto1estru2-main\proyecto1estru2cdo\x64\debug\proyecto.3000de8a.tlog\link.read.1.tlog
c:\users\hapav\downloads\proyecto1estru2-main (2)\proyecto1estru2-main\proyecto1estru2-main\proyecto1estru2-main\proyecto1estru2cdo\x64\debug\proyecto.3000de8a.tlog\link.secondary.1.tlog
c:\users\hapav\downloads\proyecto1estru2-main (2)\proyecto1estru2-main\proyecto1estru2-main\proyecto1estru2-main\proyecto1estru2cdo\x64\debug\proyecto.3000de8a.tlog\link.write.1.tlog
c:\users\hapav\downloads\proyecto1estru2-main (2)\proyecto1estru2-main\proyecto1estru2-main\proyecto1estru2-main\proyecto1estru2cdo\x64\debug\proyecto.3000de8a.tlog\metagen.read.1.tlog
c:\users\hapav\downloads\proyecto1estru2-main (2)\proyecto1estru2-main\proyecto1estru2-main\proyecto1estru2-main\proyecto1estru2cdo\x64\debug\proyecto.3000de8a.tlog\metagen.write.1.tlog
c:\users\hapav\downloads\proyecto1estru2-main (2)\proyecto1estru2-main\proyecto1estru2-main\proyecto1estru2-main\proyecto1estru2cdo\x64\debug\proyecto.3000de8a.tlog\resgen.command.1.tlog
c:\users\hapav\downloads\proyecto1estru2-main (2)\proyecto1estru2-main\proyecto1estru2-main\proyecto1estru2-main\proyecto1estru2cdo\x64\debug\proyecto.3000de8a.tlog\resgen.read.1.tlog
c:\users\hapav\downloads\proyecto1estru2-main (2)\proyecto1estru2-main\proyecto1estru2-main\proyecto1estru2-main\proyecto1estru2cdo\x64\debug\proyecto.3000de8a.tlog\resgen.write.1.tlog
